{
  "columns": 8,
  "constants_genes": [],
  "function_genes": [],
  "inputs": 5,
  "output_genes": [],
  "outputs": 4,
  "rows": 7
}