{
  "a": 0,
  "c": [
    0,
    1
  ],
  "fn": "const_1"
}