{
  "a": 2,
  "c": [
    0,
    1
  ],
  "fn": "*"
}