{
  "lw": {
    "cols": 4,
    "rows": 2,
    "values": [
      100.0,
      101.0,
      102.0,
      103.0,
      104.0,
      105.0,
      106.0,
      107.0
    ]
  },
  "w": {
    "cols": 2,
    "rows": 4,
    "values": [
      0.0,
      1.0,
      2.0,
      3.0,
      4.0,
      5.0,
      6.0,
      7.0
    ]
  }
}