{
  "rw": {
    "cols": 2,
    "rows": 1,
    "values": [
      100.0,
      101.0
    ]
  },
  "w": {
    "cols": 2,
    "rows": 4,
    "values": [
      0.0,
      1.0,
      2.0,
      3.0,
      4.0,
      5.0,
      6.0,
      7.0
    ]
  }
}