{
  "lw": {
    "cols": 12,
    "rows": 2,
    "values": [
      100.0,
      101.0,
      102.0,
      103.0,
      104.0,
      105.0,
      106.0,
      107.0,
      108.0,
      109.0,
      110.0,
      111.0,
      112.0,
      113.0,
      114.0,
      115.0,
      116.0,
      117.0,
      118.0,
      119.0,
      120.0,
      121.0,
      122.0,
      123.0
    ]
  },
  "w": {
    "cols": 2,
    "rows": 4,
    "values": [
      0.0,
      1.0,
      2.0,
      3.0,
      4.0,
      5.0,
      6.0,
      7.0
    ]
  }
}