1, 3.140000, 'PI'
2, 0.000000, 'nothing'
3, 10.000000, 'null'
4, 0.000000, 'null'
