caught exception: mid-transaction exception
1, 3.140000, 'PI'
