1, 3.140000, 'Pi'
2, 100.000000, 'Max'
3, 0.000000, 'null'
4, 0.100000, 'Haha let's see'
