before/rowid: 0
rowid: 1
rowid: 2
rowid: 3
rowid: 4
after/rowid: 4
