[Testing...]
{  }
{ x }
{ -1, 0, 1, 100 }
{ -100.001, -1, -0.1, 0, 0.01, 1, 1.1 }
{ a, Bb, Cc cC,  dDDd  }
[Done]
