max_value = '100'
resolution = '0.3'
name = ' <"El chupacabra"> '
flag = 'false'
acc_operator = 'add'
layers = '{  }'
values = '{ -1, 0, 0.1, 0.2, 1.001 }'
more_values = '{ 1, 2, 3 }'
extra_values = '{ 0, 10, 20, 30 }'
values_init = '{ -1, -2, -3 }'
custom = '{ 0, 0 }'
custom_init = '{ 1, -100 }'
