max_value = '5'
resolution = '10.5'
name = ' *** lemo 123 *** '
flag = 'true'
acc_operator = 'multiply'
layers = '{ 16, 8, 4 }'
values = '{ -1, 0, 0.1, 0.2, 1.001 }'
more_values = '{  }'
extra_values = '{ 0, 10, 20, 30 }'
values_init = '{ -1, -2, -3 }'
custom = '{ 64, 16 }'
custom_init = '{ 1, -100 }'

-------------------------------
max_value = '100'
resolution = '0.3'
name = ' <"El chupacabra"> '
flag = 'false'
acc_operator = 'add'
layers = '{  }'
values = '{ -1, 0, 0.1, 0.2, 1.001 }'
more_values = '{ 1, 2, 3 }'
extra_values = '{ 0, 10, 20, 30 }'
values_init = '{ -1, -2, -3 }'
custom = '{ 0, 0 }'
custom_init = '{ 1, -100 }'
