max_value = '256'
resolution = '0.05'
name = ' <"El chupacabra"> '
flag = 'false'
acc_operator = 'add'
layers = '{ 10, 20, 30 }'
values = '{  }'
more_values = '{ 1, 2, 3 }'
extra_values = '{ 0, 10, 20, 30 }'
values_init = '{ -1, -2, -3 }'
custom = '{ 0, 0 }'
custom_init = '{ 1, -100 }'
