max_value = '5'
resolution = '10.5'
name = ' -- Lemo 123 -- '
flag = 'true'
acc_operator = 'multiply'
layers = '{ 16, 8, 4 }'
values = '{  }'
more_values = '{ -1.1, 0, 123.456 }'
extra_values = '{ 0, 0.1, 0.2 }'
values_init = '{ 3.14 }'
custom = '{ 64, 16 }'
custom_init = '{ 1, -100 }'
