  0: 6.67, -6.67
  1: 9.42, 0.69
  2: 7.72, 6.52
  3: 3.27, 7.01
  4: -2.20, 6.85
  5: -6.99, 6.95
  6: -9.38, 2.22
  7: -7.66, -5.44
  8: -0.83, -9.14
  9: 6.67, -6.67
